// Jest Snapshot v1, https://goo.gl/fbAQLP

exports[`Calculator renders empty Calculator 1`] = `
<div
  className="calculator"
/>
`;
