// Jest Snapshot v1, https://goo.gl/fbAQLP

exports[`Output renders output 1`] = `
<div
  className="output"
>
  <div
    className="output-text"
    style={
      Object {
        "transform": "scale(1)",
      }
    }
    type="text"
  >
    0
  </div>
</div>
`;
